// Jest Snapshot v1, https://goo.gl/fbAQLP

exports[`UserMenu renders 1`] = `
Object {
  "asFragment": [Function],
  "baseElement": <body>
    <div>
      <section
        class="css-874msf-Container ez6gvys4"
      >
        <div
          class="css-sli15m-AvatarRow ez6gvys2"
        >
          <div
            class="css-xj1fe7-Name ez6gvys3"
          >
            <p
              class="css-1aqmf7z-P-TextMixin elrci8c0"
            >
              Test
            </p>
            <span
              aria-label="Register or sign in to share workouts!"
              data-microtip-position="bottom-left"
              role="tooltip"
            >
              Anonymous
            </span>
          </div>
          <button
            aria-label="User information"
            class="css-1dj8h48-BtnContainer-SurfaceElevation e1odjb1m2"
          >
            <img
              alt="User Avatar"
              class="css-7z81z4-Img-FadeInOutMixin e1odjb1m1"
              role="button"
              src=""
              title="Toggle user menu"
            />
          </button>
        </div>
        <div
          class="css-elxmfa-Menu ez6gvys1"
        >
          <button
            class="css-1tfvr6f-SecondaryButton-SurfaceElevation-SignInButton ez6gvys0"
          >
            Sign In
          </button>
          <p
            class="css-44y8rz-P-TextMixin elrci8c0"
          >
            Workouts Completed:
             
            <span
              class="css-v5jw6b-NumberSpan-TextMixin evnodtx0"
            >
              0
            </span>
             
          </p>
          <span
            class="css-dlk94y-LowEmpSpan-TextMixin ebud7590"
          >
            Settings
          </span>
          <div
            class="css-bqgpbt-Container epl5quv1"
          >
            <span
              class="css-13ikpmi-NumberSpan-TextMixin-Title epl5quv0"
            >
              Theme
            </span>
            <div
              class="css-21c7ls-Row epl5quv7"
            >
              <button
                class="css-4vnsso-TertiaryButton-SurfaceElevation-Btn epl5quv6"
                disabled=""
              >
                Dark
              </button>
              <div
                class="css-1rkq0zx-ToggleContainer epl5quv3"
              >
                <label
                  aria-label="Change color theme from dark to light."
                  class="css-9qbk92-TogglerLabel epl5quv4"
                >
                  <input
                    checked=""
                    class="css-b547lr-TogglerInput epl5quv5"
                    type="checkbox"
                  />
                  <div
                    class="css-11gan3-ToggleBall epl5quv2"
                  />
                </label>
              </div>
              <button
                class="css-4vnsso-TertiaryButton-SurfaceElevation-Btn epl5quv6"
              >
                Light
              </button>
            </div>
          </div>
          <div
            class="css-bqgpbt-Container epl5quv1"
          >
            <span
              class="css-13ikpmi-NumberSpan-TextMixin-Title epl5quv0"
            >
              Sound
            </span>
            <div
              class="css-21c7ls-Row epl5quv7"
            >
              <button
                class="css-4vnsso-TertiaryButton-SurfaceElevation-Btn epl5quv6"
                disabled=""
              >
                ðŸ”Š
              </button>
              <div
                class="css-1rkq0zx-ToggleContainer epl5quv3"
              >
                <label
                  aria-label="Turn off sound."
                  class="css-9qbk92-TogglerLabel epl5quv4"
                >
                  <input
                    checked=""
                    class="css-b547lr-TogglerInput epl5quv5"
                    type="checkbox"
                  />
                  <div
                    class="css-11gan3-ToggleBall epl5quv2"
                  />
                </label>
              </div>
              <button
                class="css-4vnsso-TertiaryButton-SurfaceElevation-Btn epl5quv6"
              >
                ðŸ”‡
              </button>
            </div>
          </div>
        </div>
      </section>
      <div
        class="css-tko0x8-SideBarBackground-FadeInOutMixin egk50s72"
      >
        <aside
          class="css-1c3lrps-SideBarMenu-SurfaceElevation egk50s71"
        >
          <button
            class="css-wxxhug-OffScreenExitBtn egk50s70"
          >
            Close Side Bar
          </button>
          <section
            class="css-pybnp0-Container ez6gvys4"
          >
            <div
              class="css-sli15m-AvatarRow ez6gvys2"
            >
              <div
                class="css-4djmm-Name ez6gvys3"
              >
                <p
                  class="css-1aqmf7z-P-TextMixin elrci8c0"
                >
                  Test
                </p>
                <span
                  aria-label="Register or sign in to share workouts!"
                  data-microtip-position="bottom-left"
                  role="tooltip"
                >
                  Anonymous
                </span>
              </div>
              <button
                aria-label="User information"
                class="css-1dj8h48-BtnContainer-SurfaceElevation e1odjb1m2"
              >
                <img
                  alt="User Avatar"
                  class="css-7z81z4-Img-FadeInOutMixin e1odjb1m1"
                  role="button"
                  src=""
                  title="Toggle user menu"
                />
              </button>
            </div>
            <div
              class="css-1h152f5-Menu ez6gvys1"
            >
              <button
                class="css-1tfvr6f-SecondaryButton-SurfaceElevation-SignInButton ez6gvys0"
              >
                Sign In
              </button>
              <p
                class="css-44y8rz-P-TextMixin elrci8c0"
              >
                Workouts Completed:
                 
                <span
                  class="css-v5jw6b-NumberSpan-TextMixin evnodtx0"
                >
                  0
                </span>
                 
              </p>
              <span
                class="css-dlk94y-LowEmpSpan-TextMixin ebud7590"
              >
                Settings
              </span>
              <div
                class="css-bqgpbt-Container epl5quv1"
              >
                <span
                  class="css-13ikpmi-NumberSpan-TextMixin-Title epl5quv0"
                >
                  Theme
                </span>
                <div
                  class="css-21c7ls-Row epl5quv7"
                >
                  <button
                    class="css-4vnsso-TertiaryButton-SurfaceElevation-Btn epl5quv6"
                    disabled=""
                  >
                    Dark
                  </button>
                  <div
                    class="css-1rkq0zx-ToggleContainer epl5quv3"
                  >
                    <label
                      aria-label="Change color theme from dark to light."
                      class="css-9qbk92-TogglerLabel epl5quv4"
                    >
                      <input
                        checked=""
                        class="css-b547lr-TogglerInput epl5quv5"
                        type="checkbox"
                      />
                      <div
                        class="css-11gan3-ToggleBall epl5quv2"
                      />
                    </label>
                  </div>
                  <button
                    class="css-4vnsso-TertiaryButton-SurfaceElevation-Btn epl5quv6"
                  >
                    Light
                  </button>
                </div>
              </div>
              <div
                class="css-bqgpbt-Container epl5quv1"
              >
                <span
                  class="css-13ikpmi-NumberSpan-TextMixin-Title epl5quv0"
                >
                  Sound
                </span>
                <div
                  class="css-21c7ls-Row epl5quv7"
                >
                  <button
                    class="css-4vnsso-TertiaryButton-SurfaceElevation-Btn epl5quv6"
                    disabled=""
                  >
                    ðŸ”Š
                  </button>
                  <div
                    class="css-1rkq0zx-ToggleContainer epl5quv3"
                  >
                    <label
                      aria-label="Turn off sound."
                      class="css-9qbk92-TogglerLabel epl5quv4"
                    >
                      <input
                        checked=""
                        class="css-b547lr-TogglerInput epl5quv5"
                        type="checkbox"
                      />
                      <div
                        class="css-11gan3-ToggleBall epl5quv2"
                      />
                    </label>
                  </div>
                  <button
                    class="css-4vnsso-TertiaryButton-SurfaceElevation-Btn epl5quv6"
                  >
                    ðŸ”‡
                  </button>
                </div>
              </div>
            </div>
          </section>
        </aside>
      </div>
    </div>
  </body>,
  "container": <div>
    <section
      class="css-874msf-Container ez6gvys4"
    >
      <div
        class="css-sli15m-AvatarRow ez6gvys2"
      >
        <div
          class="css-xj1fe7-Name ez6gvys3"
        >
          <p
            class="css-1aqmf7z-P-TextMixin elrci8c0"
          >
            Test
          </p>
          <span
            aria-label="Register or sign in to share workouts!"
            data-microtip-position="bottom-left"
            role="tooltip"
          >
            Anonymous
          </span>
        </div>
        <button
          aria-label="User information"
          class="css-1dj8h48-BtnContainer-SurfaceElevation e1odjb1m2"
        >
          <img
            alt="User Avatar"
            class="css-7z81z4-Img-FadeInOutMixin e1odjb1m1"
            role="button"
            src=""
            title="Toggle user menu"
          />
        </button>
      </div>
      <div
        class="css-elxmfa-Menu ez6gvys1"
      >
        <button
          class="css-1tfvr6f-SecondaryButton-SurfaceElevation-SignInButton ez6gvys0"
        >
          Sign In
        </button>
        <p
          class="css-44y8rz-P-TextMixin elrci8c0"
        >
          Workouts Completed:
           
          <span
            class="css-v5jw6b-NumberSpan-TextMixin evnodtx0"
          >
            0
          </span>
           
        </p>
        <span
          class="css-dlk94y-LowEmpSpan-TextMixin ebud7590"
        >
          Settings
        </span>
        <div
          class="css-bqgpbt-Container epl5quv1"
        >
          <span
            class="css-13ikpmi-NumberSpan-TextMixin-Title epl5quv0"
          >
            Theme
          </span>
          <div
            class="css-21c7ls-Row epl5quv7"
          >
            <button
              class="css-4vnsso-TertiaryButton-SurfaceElevation-Btn epl5quv6"
              disabled=""
            >
              Dark
            </button>
            <div
              class="css-1rkq0zx-ToggleContainer epl5quv3"
            >
              <label
                aria-label="Change color theme from dark to light."
                class="css-9qbk92-TogglerLabel epl5quv4"
              >
                <input
                  checked=""
                  class="css-b547lr-TogglerInput epl5quv5"
                  type="checkbox"
                />
                <div
                  class="css-11gan3-ToggleBall epl5quv2"
                />
              </label>
            </div>
            <button
              class="css-4vnsso-TertiaryButton-SurfaceElevation-Btn epl5quv6"
            >
              Light
            </button>
          </div>
        </div>
        <div
          class="css-bqgpbt-Container epl5quv1"
        >
          <span
            class="css-13ikpmi-NumberSpan-TextMixin-Title epl5quv0"
          >
            Sound
          </span>
          <div
            class="css-21c7ls-Row epl5quv7"
          >
            <button
              class="css-4vnsso-TertiaryButton-SurfaceElevation-Btn epl5quv6"
              disabled=""
            >
              ðŸ”Š
            </button>
            <div
              class="css-1rkq0zx-ToggleContainer epl5quv3"
            >
              <label
                aria-label="Turn off sound."
                class="css-9qbk92-TogglerLabel epl5quv4"
              >
                <input
                  checked=""
                  class="css-b547lr-TogglerInput epl5quv5"
                  type="checkbox"
                />
                <div
                  class="css-11gan3-ToggleBall epl5quv2"
                />
              </label>
            </div>
            <button
              class="css-4vnsso-TertiaryButton-SurfaceElevation-Btn epl5quv6"
            >
              ðŸ”‡
            </button>
          </div>
        </div>
      </div>
    </section>
    <div
      class="css-tko0x8-SideBarBackground-FadeInOutMixin egk50s72"
    >
      <aside
        class="css-1c3lrps-SideBarMenu-SurfaceElevation egk50s71"
      >
        <button
          class="css-wxxhug-OffScreenExitBtn egk50s70"
        >
          Close Side Bar
        </button>
        <section
          class="css-pybnp0-Container ez6gvys4"
        >
          <div
            class="css-sli15m-AvatarRow ez6gvys2"
          >
            <div
              class="css-4djmm-Name ez6gvys3"
            >
              <p
                class="css-1aqmf7z-P-TextMixin elrci8c0"
              >
                Test
              </p>
              <span
                aria-label="Register or sign in to share workouts!"
                data-microtip-position="bottom-left"
                role="tooltip"
              >
                Anonymous
              </span>
            </div>
            <button
              aria-label="User information"
              class="css-1dj8h48-BtnContainer-SurfaceElevation e1odjb1m2"
            >
              <img
                alt="User Avatar"
                class="css-7z81z4-Img-FadeInOutMixin e1odjb1m1"
                role="button"
                src=""
                title="Toggle user menu"
              />
            </button>
          </div>
          <div
            class="css-1h152f5-Menu ez6gvys1"
          >
            <button
              class="css-1tfvr6f-SecondaryButton-SurfaceElevation-SignInButton ez6gvys0"
            >
              Sign In
            </button>
            <p
              class="css-44y8rz-P-TextMixin elrci8c0"
            >
              Workouts Completed:
               
              <span
                class="css-v5jw6b-NumberSpan-TextMixin evnodtx0"
              >
                0
              </span>
               
            </p>
            <span
              class="css-dlk94y-LowEmpSpan-TextMixin ebud7590"
            >
              Settings
            </span>
            <div
              class="css-bqgpbt-Container epl5quv1"
            >
              <span
                class="css-13ikpmi-NumberSpan-TextMixin-Title epl5quv0"
              >
                Theme
              </span>
              <div
                class="css-21c7ls-Row epl5quv7"
              >
                <button
                  class="css-4vnsso-TertiaryButton-SurfaceElevation-Btn epl5quv6"
                  disabled=""
                >
                  Dark
                </button>
                <div
                  class="css-1rkq0zx-ToggleContainer epl5quv3"
                >
                  <label
                    aria-label="Change color theme from dark to light."
                    class="css-9qbk92-TogglerLabel epl5quv4"
                  >
                    <input
                      checked=""
                      class="css-b547lr-TogglerInput epl5quv5"
                      type="checkbox"
                    />
                    <div
                      class="css-11gan3-ToggleBall epl5quv2"
                    />
                  </label>
                </div>
                <button
                  class="css-4vnsso-TertiaryButton-SurfaceElevation-Btn epl5quv6"
                >
                  Light
                </button>
              </div>
            </div>
            <div
              class="css-bqgpbt-Container epl5quv1"
            >
              <span
                class="css-13ikpmi-NumberSpan-TextMixin-Title epl5quv0"
              >
                Sound
              </span>
              <div
                class="css-21c7ls-Row epl5quv7"
              >
                <button
                  class="css-4vnsso-TertiaryButton-SurfaceElevation-Btn epl5quv6"
                  disabled=""
                >
                  ðŸ”Š
                </button>
                <div
                  class="css-1rkq0zx-ToggleContainer epl5quv3"
                >
                  <label
                    aria-label="Turn off sound."
                    class="css-9qbk92-TogglerLabel epl5quv4"
                  >
                    <input
                      checked=""
                      class="css-b547lr-TogglerInput epl5quv5"
                      type="checkbox"
                    />
                    <div
                      class="css-11gan3-ToggleBall epl5quv2"
                    />
                  </label>
                </div>
                <button
                  class="css-4vnsso-TertiaryButton-SurfaceElevation-Btn epl5quv6"
                >
                  ðŸ”‡
                </button>
              </div>
            </div>
          </div>
        </section>
      </aside>
    </div>
  </div>,
  "debug": [Function],
  "findAllByAltText": [Function],
  "findAllByDisplayValue": [Function],
  "findAllByLabelText": [Function],
  "findAllByPlaceholderText": [Function],
  "findAllByRole": [Function],
  "findAllByTestId": [Function],
  "findAllByText": [Function],
  "findAllByTitle": [Function],
  "findByAltText": [Function],
  "findByDisplayValue": [Function],
  "findByLabelText": [Function],
  "findByPlaceholderText": [Function],
  "findByRole": [Function],
  "findByTestId": [Function],
  "findByText": [Function],
  "findByTitle": [Function],
  "getAllByAltText": [Function],
  "getAllByDisplayValue": [Function],
  "getAllByLabelText": [Function],
  "getAllByPlaceholderText": [Function],
  "getAllByRole": [Function],
  "getAllByTestId": [Function],
  "getAllByText": [Function],
  "getAllByTitle": [Function],
  "getByAltText": [Function],
  "getByDisplayValue": [Function],
  "getByLabelText": [Function],
  "getByPlaceholderText": [Function],
  "getByRole": [Function],
  "getByTestId": [Function],
  "getByText": [Function],
  "getByTitle": [Function],
  "queryAllByAltText": [Function],
  "queryAllByDisplayValue": [Function],
  "queryAllByLabelText": [Function],
  "queryAllByPlaceholderText": [Function],
  "queryAllByRole": [Function],
  "queryAllByTestId": [Function],
  "queryAllByText": [Function],
  "queryAllByTitle": [Function],
  "queryByAltText": [Function],
  "queryByDisplayValue": [Function],
  "queryByLabelText": [Function],
  "queryByPlaceholderText": [Function],
  "queryByRole": [Function],
  "queryByTestId": [Function],
  "queryByText": [Function],
  "queryByTitle": [Function],
  "rerender": [Function],
  "unmount": [Function],
}
`;
